** Drc report for SATVIK-26.kicad_pcb **
** Created on 2026-07-23T06:10:03 **
** Report includes: Errors, Exclusions **

** Found 1 DRC violations **
[hole_clearance]: Hole clearance violation (board setup constraints hole clearance 9.84 mils; actual 8.74 mils)
    Rule: board setup constraints hole; error
    @(2562.99 mils, 3092.03 mils): Pad A4B9 [/VBUS] of USB1 on F.Cu
    @(2543.70 mils, 3134.55 mils): NPTH pad of USB1

** Found 6 unconnected pads **
[unconnected_items]: Missing connection between items
    Local override; error
    @(2538.19 mils, 2509.84 mils): Track [GND] on F.Cu, length 20.87 mils
    @(2529.53 mils, 2577.56 mils): Via [GND] on F.Cu - B.Cu
[unconnected_items]: Missing connection between items
    Local override; error
    @(2540.94 mils, 2667.32 mils): Pad 2 [GND] of C13 on F.Cu
    @(2530.31 mils, 2667.32 mils): Track [GND] on B.Cu, length 52.89 mils
[unconnected_items]: Missing connection between items
    Local override; error
    @(2794.88 mils, 2913.78 mils): Track [GND] on F.Cu, length 19.69 mils
    @(2698.03 mils, 2913.39 mils): Track [GND] on F.Cu, length 28.35 mils
[unconnected_items]: Missing connection between items
    Local override; error
    @(2590.35 mils, 2608.27 mils): Track [+3V3] on B.Cu, length 58.07 mils
    @(2640.75 mils, 2667.32 mils): Track [+3V3] on F.Cu, length 62.01 mils
[unconnected_items]: Missing connection between items
    Local override; error
    @(2607.98 mils, 2470.47 mils): Track [+3V3] on F.Cu, length 42.46 mils
    @(2596.26 mils, 2602.36 mils): Track [+3V3] on B.Cu, length 8.35 mils
[unconnected_items]: Missing connection between items
    Local override; error
    @(2640.75 mils, 2647.64 mils): Pad 20 [+3V3] of U1 on F.Cu
    @(2640.75 mils, 2667.32 mils): Pad 21 [+3V3] of U1 on F.Cu

** Found 0 Footprint errors **

** Ignored checks **
    - Footprint has no courtyard defined
    - Track endpoint not centered on via
    - Tuning profile track geometries
    - Footprint doesn't match symbol's footprint filters
    - Footprint component type doesn't match footprint pads

** End of Report **
