ERC report (2026-07-20T17:58:38, Encoding UTF8)
Report includes: Errors, Warnings, Exclusions

***** Sheet /
[power_pin_not_driven]: Input Power pin not driven by any Output Power pins
    ; error
    @(2250 mils, 1850 mils): Symbol U2 Pin 2 [VIN, Power input, Line]
[power_pin_not_driven]: Input Power pin not driven by any Output Power pins
    ; error
    @(4250 mils, 1900 mils): Symbol #PWR016 Pin 1 [Power input, Line]
[power_pin_not_driven]: Input Power pin not driven by any Output Power pins
    ; error
    @(8800 mils, 7750 mils): Symbol #PWR01 Pin 1 [Power input, Line]
[pin_to_pin]: Pins of type Unspecified and Unspecified are connected
    ; warning
    @(1350 mils, 5050 mils): Symbol U5 Pin 3 [VSS, Unspecified, Line]
    @(1350 mils, 5250 mils): Symbol U5 Pin 5 [SDO, Unspecified, Line]
[pin_to_pin]: Pins of type Unspecified and Passive are connected
    ; warning
    @(1350 mils, 5150 mils): Symbol U5 Pin 4 [SDI, Unspecified, Line]
    @(3700 mils, 5200 mils): Symbol R11 Pin 1 [Passive, Line]
[pin_to_pin]: Pins of type Unspecified and Power input are connected
    ; warning
    @(1350 mils, 5250 mils): Symbol U5 Pin 5 [SDO, Unspecified, Line]
    @(1000 mils, 5300 mils): Symbol #PWR031 Pin 1 [Power input, Line]
[pin_to_pin]: Pins of type Unspecified and Passive are connected
    ; warning
    @(1800 mils, 4650 mils): Symbol U5 Pin 2 [SCK, Unspecified, Line]
    @(3700 mils, 4800 mils): Symbol R10 Pin 1 [Passive, Line]
[pin_to_pin]: Pins of type Unspecified and Power input are connected
    ; warning
    @(1800 mils, 5600 mils): Symbol U5 Pin 6 [CSB, Unspecified, Line]
    @(1800 mils, 5800 mils): Symbol #PWR030 Pin 1 [Power input, Line]
[pin_to_pin]: Pins of type Unspecified and Passive are connected
    ; warning
    @(1900 mils, 4650 mils): Symbol U5 Pin 1 [VDDIO, Unspecified, Line]
    @(2300 mils, 4250 mils): Symbol C27 Pin 1 [Passive, Line]
[pin_to_pin]: Pins of type Unspecified and Bidirectional are connected
    ; warning
    @(1900 mils, 8200 mils): Symbol U4 Pin 1 [AP_SDO/AP_AD0, Unspecified, Line]
    @(9700 mils, 2900 mils): Symbol U1 Pin 30 [PA6, Bidirectional, Line]
[pin_to_pin]: Pins of type Unspecified and Power input are connected
    ; warning
    @(1900 mils, 8600 mils): Symbol U4 Pin 5 [VDDIO, Unspecified, Line]
    @(1600 mils, 8600 mils): Symbol #PWR026 Pin 1 [Power input, Line]
[pin_to_pin]: Pins of type Unspecified and Power input are connected
    ; warning
    @(1900 mils, 8700 mils): Symbol U4 Pin 6 [GND, Unspecified, Line]
    @(1600 mils, 8700 mils): Symbol #PWR027 Pin 1 [Power input, Line]
[pin_to_pin]: Pins of type Unspecified and Passive are connected
    ; warning
    @(2350 mils, 5050 mils): Symbol U5 Pin 10 [VDD, Unspecified, Line]
    @(2450 mils, 4850 mils): Symbol C28 Pin 2 [Passive, Line]
[pin_to_pin]: Pins of type Unspecified and Power input are connected
    ; warning
    @(2350 mils, 5150 mils): Symbol U5 Pin 9 [VSS, Unspecified, Line]
    @(2350 mils, 5150 mils): Symbol #PWR036 Pin 1 [Power input, Line]
[pin_to_pin]: Pins of type Unspecified and Power input are connected
    ; warning
    @(2350 mils, 5250 mils): Symbol U5 Pin 8 [VSS, Unspecified, Line]
    @(2350 mils, 5250 mils): Symbol #PWR035 Pin 1 [Power input, Line]
[pin_to_pin]: Pins of type Unspecified and Power input are connected
    ; warning
    @(2850 mils, 6200 mils): Symbol USB1 Pin 14 [EH, Unspecified, Line]
    @(2650 mils, 6250 mils): Symbol #PWR042 Pin 1 [Power input, Line]
[pin_to_pin]: Pins of type Unspecified and Power input are connected
    ; warning
    @(2850 mils, 7300 mils): Symbol USB1 Pin 13 [EH, Unspecified, Line]
    @(2650 mils, 7250 mils): Symbol #PWR041 Pin 1 [Power input, Line]
[pin_to_pin]: Pins of type Unspecified and Power input are connected
    ; warning
    @(3550 mils, 6200 mils): Symbol USB1 Pin B1A12 [GND, Unspecified, Line]
    @(3750 mils, 6200 mils): Symbol #PWR039 Pin 1 [Power input, Line]
[pin_to_pin]: Pins of type Unspecified and Passive are connected
    ; warning
    @(3550 mils, 6300 mils): Symbol USB1 Pin B4A9 [VBUS, Unspecified, Line]
    @(1300 mils, 6600 mils): Symbol U6 Pin 5 [VBUS, Passive, Line]
[pin_to_pin]: Pins of type Unspecified and Passive are connected
    ; warning
    @(3550 mils, 6400 mils): Symbol USB1 Pin B5 [CC2, Unspecified, Line]
    @(4300 mils, 6400 mils): Symbol R12 Pin 1 [Passive, Line]
[pin_to_pin]: Pins of type Unspecified and Passive are connected
    ; warning
    @(3550 mils, 6600 mils): Symbol USB1 Pin B6 [Dp2, Unspecified, Line]
    @(1100 mils, 6800 mils): Symbol U6 Pin 1 [I/O1, Passive, Line]
[pin_to_pin]: Pins of type Unspecified and Unspecified are connected
    ; warning
    @(3550 mils, 6700 mils): Symbol USB1 Pin A7 [Dn1, Unspecified, Line]
    @(3550 mils, 6900 mils): Symbol USB1 Pin B7 [Dn2, Unspecified, Line]
[pin_to_pin]: Pins of type Unspecified and Unspecified are connected
    ; warning
    @(3550 mils, 6800 mils): Symbol USB1 Pin A6 [Dp1, Unspecified, Line]
    @(3550 mils, 6600 mils): Symbol USB1 Pin B6 [Dp2, Unspecified, Line]
[pin_to_pin]: Pins of type Unspecified and Passive are connected
    ; warning
    @(3550 mils, 6900 mils): Symbol USB1 Pin B7 [Dn2, Unspecified, Line]
    @(1100 mils, 6900 mils): Symbol U6 Pin 3 [I/O2, Passive, Line]
[pin_to_pin]: Pins of type Unspecified and Passive are connected
    ; warning
    @(3550 mils, 7000 mils): Symbol USB1 Pin A5 [CC1, Unspecified, Line]
    @(4300 mils, 7000 mils): Symbol R13 Pin 1 [Passive, Line]
[pin_to_pin]: Pins of type Unspecified and Unspecified are connected
    ; warning
    @(3550 mils, 7200 mils): Symbol USB1 Pin A4B9 [VBUS, Unspecified, Line]
    @(3550 mils, 6300 mils): Symbol USB1 Pin B4A9 [VBUS, Unspecified, Line]
[pin_to_pin]: Pins of type Unspecified and Power input are connected
    ; warning
    @(3550 mils, 7300 mils): Symbol USB1 Pin A1B12 [GND, Unspecified, Line]
    @(3750 mils, 7300 mils): Symbol #PWR040 Pin 1 [Power input, Line]
[pin_to_pin]: Pins of type Unspecified and Bidirectional are connected
    ; warning
    @(4600 mils, 8200 mils): Symbol U4 Pin 14 [AP_SDA/AP_SDIO/AP_SDI, Unspecified, Line]
    @(9700 mils, 3000 mils): Symbol U1 Pin 31 [PA7, Bidirectional, Line]
[pin_to_pin]: Pins of type Unspecified and Bidirectional are connected
    ; warning
    @(4600 mils, 8300 mils): Symbol U4 Pin 13 [AP_SCL/AP_SCLK, Unspecified, Line]
    @(9700 mils, 2800 mils): Symbol U1 Pin 29 [PA5, Bidirectional, Line]
[pin_to_pin]: Pins of type Unspecified and Bidirectional are connected
    ; warning
    @(4600 mils, 8400 mils): Symbol U4 Pin 12 [AP_CS, Unspecified, Line]
    @(9700 mils, 7200 mils): Symbol U1 Pin 9 [PC15, Bidirectional, Line]
[pin_to_pin]: Pins of type Unspecified and Passive are connected
    ; warning
    @(4600 mils, 8800 mils): Symbol U4 Pin 8 [VDD, Unspecified, Line]
    @(4700 mils, 9000 mils): Symbol C25 Pin 1 [Passive, Line]

 ** ERC messages: 31  Errors 3  Warnings 28

 ** Ignored checks:
    - Global label only appears once in the schematic
    - Four connection points are joined together
    - SPICE model issue
    - Assigned footprint doesn't match footprint filters
